<POS_Output><S id="1" offset="0"><W Lemma="casa" POS="Ncfp-n" word="case">case</W></S></POS_Output>