<POS_Output><S id="1" offset="0"><W Lemma="casa" POS="Ncfs-n" word="casa">casa</W></S></POS_Output>