<POS_Output><S id="1" offset="0"><W Lemma="baiat" POS="Ncmp-n" word="baieti">baieti</W></S></POS_Output>